==== genesistrace start rom=genesis game=Genesis (USA, NTSC) machine=genesis ====
arm: genesistrace armed root=/home/tighe/projects/rastan-genesis symbols=/home/tighe/projects/rastan-genesis/apps/rastan/out/symbol.txt
arm: symbol_watches=28
api_probe writer_pc=yes method=current_pc(cpu.state.PC)
api_probe register_snapshot=yes method=cpu.state regs=A0,A1,A4,A5,D2,D3,D6,D7
api_probe rolling_pc_history=no method=not_available note=cpu:add_exec unavailable in MAME Lua API
arm: initial_pc=000000
[frame 000000] live_write vdp_ports_live pc=07008e addr=c00004 data=8004 mask=ffff count=1
[frame 000001] exec_enter pc=0002ee range=other
[frame 000009] exec_enter pc=03b0c6 range=startup_common@000200
[frame 000016] exec_enter pc=071ec4 range=other
[frame 000030] pc=070c54 exec=other
[frame 000052] first_symbol_change dip1 addr=ff0005 0->1
[frame 000059] symbol_change dip1 addr=ff0005 1->0
[frame 000060] exec_enter pc=03b284 range=title_init_block@000000
[frame 000060] pc=03b284 exec=title_init_block@000000
[frame 000060] first_window_change wram_ff0000
[frame 000060] first_window_change io_a10000
[frame 000060] first_window_change vdp_ports
[frame 000060] first_window_change z80_ctrl
[frame 000066] reset_helper_hit pc=03a1a8 page0=0000 page2=0000 mode4=0000 credits=0000 stage=0000 dipA=ff dipB=ff
[frame 000066] exec_enter pc=03a1a8 range=frontend_core@000000
[frame 000067] exec_enter pc=03b298 range=title_init_block@000000
[frame 000070] exec_enter pc=03a1aa range=frontend_core@000000
[frame 000071] exec_enter pc=03b298 range=title_init_block@000000
[frame 000074] exec_enter pc=03a1aa range=frontend_core@000000
[frame 000075] exec_enter pc=03b298 range=title_init_block@000000
[frame 000078] exec_enter pc=03a1aa range=frontend_core@000000
[frame 000079] exec_enter pc=03b280 range=title_init_block@000000
[frame 000082] exec_enter pc=03a1ae range=frontend_core@000000
[frame 000083] exec_enter pc=03b280 range=title_init_block@000000
[frame 000086] exec_enter pc=03a1ae range=frontend_core@000000
[frame 000087] exec_enter pc=03b280 range=title_init_block@000000
[frame 000089] reset_helper_hit pc=03a1a8 page0=0000 page2=0000 mode4=0000 credits=0000 stage=0000 dipA=ff dipB=ff
[frame 000089] exec_enter pc=03a1a8 range=frontend_core@000000
[frame 000090] pc=03a1ae exec=frontend_core@000000
[frame 000090] window_change wram_ff0000
[frame 000090] window_change z80_ctrl
[frame 000091] exec_enter pc=03b284 range=title_init_block@000000
[frame 000093] exec_enter pc=03a1aa range=frontend_core@000000
[frame 000095] exec_enter pc=03b284 range=title_init_block@000000
[frame 000101] reset_helper_hit pc=03a1a8 page0=0000 page2=0000 mode4=0000 credits=0000 stage=0000 dipA=ff dipB=ff
[frame 000101] exec_enter pc=03a1a8 range=frontend_core@000000
[frame 000102] exec_enter pc=03b298 range=title_init_block@000000
[frame 000105] exec_enter pc=03a1aa range=frontend_core@000000
[frame 000106] exec_enter pc=03b298 range=title_init_block@000000
[frame 000109] exec_enter pc=03a1aa range=frontend_core@000000
[frame 000110] exec_enter pc=03b298 range=title_init_block@000000
[frame 000113] exec_enter pc=03a1aa range=frontend_core@000000
[frame 000114] exec_enter pc=03b280 range=title_init_block@000000
[frame 000119] exec_enter pc=03a1aa range=frontend_core@000000
[frame 000120] exec_enter pc=03b294 range=title_init_block@000000
[frame 000120] pc=03b294 exec=title_init_block@000000
[frame 000120] window_change wram_ff0000
[frame 000120] window_change z80_ctrl
[frame 000124] exec_enter pc=03a1ae range=frontend_core@000000
[frame 000126] exec_enter pc=03b290 range=title_init_block@000000
[frame 000130] exec_enter pc=03a1ae range=frontend_core@000000
[frame 000131] reset_helper_hit pc=03a1a8 page0=0000 page2=0000 mode4=0000 credits=0000 stage=0000 dipA=ff dipB=ff
[frame 000132] exec_enter pc=03b290 range=title_init_block@000000
[frame 000136] exec_enter pc=03a1aa range=frontend_core@000000
[frame 000137] exec_enter pc=03b294 range=title_init_block@000000
[frame 000141] exec_enter pc=03a1ae range=frontend_core@000000
[frame 000143] exec_enter pc=03b290 range=title_init_block@000000
[frame 000147] exec_enter pc=03a1aa range=frontend_core@000000
[frame 000148] exec_enter pc=03b294 range=title_init_block@000000
[frame 000150] pc=03b286 exec=title_init_block@000000
[frame 000150] window_change wram_ff0000
[frame 000150] window_change z80_ctrl
[frame 000152] exec_enter pc=03a1ae range=frontend_core@000000
[frame 000154] exec_enter pc=03b290 range=title_init_block@000000
[frame 000158] exec_enter pc=03a1ae range=frontend_core@000000
[frame 000159] reset_helper_hit pc=03a1a8 page0=0000 page2=0000 mode4=0000 credits=0000 stage=0000 dipA=ff dipB=ff
[frame 000160] exec_enter pc=03b290 range=title_init_block@000000
[frame 000163] exec_enter pc=03a1ae range=frontend_core@000000
[frame 000165] exec_enter pc=03b294 range=title_init_block@000000
[frame 000169] exec_enter pc=03a1ae range=frontend_core@000000
[frame 000170] reset_helper_hit pc=03a1a8 page0=0000 page2=0000 mode4=0000 credits=0000 stage=0000 dipA=ff dipB=ff
[frame 000171] exec_enter pc=03b290 range=title_init_block@000000
[frame 000175] exec_enter pc=03a1aa range=frontend_core@000000
[frame 000176] exec_enter pc=03b294 range=title_init_block@000000
[frame 000180] exec_enter pc=03a1ae range=frontend_core@000000
[frame 000180] pc=03a1ae exec=frontend_core@000000
[frame 000180] window_change z80_ctrl
[frame 000182] exec_enter pc=03b290 range=title_init_block@000000
[frame 000186] exec_enter pc=03a1ae range=frontend_core@000000
[frame 000187] reset_helper_hit pc=03a1a8 page0=0000 page2=0000 mode4=0000 credits=0000 stage=0000 dipA=ff dipB=ff
[frame 000188] exec_enter pc=03b290 range=title_init_block@000000
[frame 000191] exec_enter pc=03a1ae range=frontend_core@000000
[frame 000193] exec_enter pc=03b294 range=title_init_block@000000
[frame 000197] exec_enter pc=03a1ae range=frontend_core@000000
[frame 000198] reset_helper_hit pc=03a1a8 page0=0000 page2=0000 mode4=0000 credits=0000 stage=0000 dipA=ff dipB=ff
[frame 000199] exec_enter pc=03b290 range=title_init_block@000000
[frame 000203] exec_enter pc=03a1aa range=frontend_core@000000
[frame 000204] exec_enter pc=03b294 range=title_init_block@000000
[frame 000208] exec_enter pc=03a1ae range=frontend_core@000000
[frame 000210] exec_enter pc=03b290 range=title_init_block@000000
[frame 000210] pc=03b290 exec=title_init_block@000000
[frame 000210] window_change z80_ctrl
[frame 000214] exec_enter pc=03a1ae range=frontend_core@000000
[frame 000215] reset_helper_hit pc=03a1a8 page0=0000 page2=0000 mode4=0000 credits=0000 stage=0000 dipA=ff dipB=ff
[frame 000216] exec_enter pc=03b290 range=title_init_block@000000
[frame 000219] exec_enter pc=03a1ae range=frontend_core@000000
[frame 000221] exec_enter pc=03b294 range=title_init_block@000000
[frame 000225] exec_enter pc=03a1ae range=frontend_core@000000
[frame 000226] reset_helper_hit pc=03a1a8 page0=0000 page2=0000 mode4=0000 credits=0000 stage=0000 dipA=ff dipB=ff
[frame 000227] exec_enter pc=03b290 range=title_init_block@000000
[frame 000231] exec_enter pc=03a1aa range=frontend_core@000000
[frame 000232] exec_enter pc=03b294 range=title_init_block@000000
[frame 000236] exec_enter pc=03a1ae range=frontend_core@000000
[frame 000238] exec_enter pc=03b290 range=title_init_block@000000
[frame 000240] pc=03b284 exec=title_init_block@000000
[frame 000240] window_change z80_ctrl
[frame 000242] exec_enter pc=03a1ae range=frontend_core@000000
[frame 000243] reset_helper_hit pc=03a1a8 page0=0000 page2=0000 mode4=0000 credits=0000 stage=0000 dipA=ff dipB=ff
[frame 000244] exec_enter pc=03b290 range=title_init_block@000000
[frame 000247] exec_enter pc=03a1ae range=frontend_core@000000
[frame 000249] exec_enter pc=03b294 range=title_init_block@000000
[frame 000253] exec_enter pc=03a1ae range=frontend_core@000000
[frame 000254] reset_helper_hit pc=03a1a8 page0=0000 page2=0000 mode4=0000 credits=0000 stage=0000 dipA=ff dipB=ff
[frame 000255] exec_enter pc=03b290 range=title_init_block@000000
[frame 000259] exec_enter pc=03a1aa range=frontend_core@000000
[frame 000260] exec_enter pc=03b294 range=title_init_block@000000
[frame 000264] exec_enter pc=03a1ae range=frontend_core@000000
[frame 000266] exec_enter pc=07232c range=other
[frame 000270] pc=0709de exec=other
[frame 000270] window_change wram_ff0000
[frame 000270] window_change vdp_ports
[frame 000270] window_change z80_ctrl
[frame 000276] symbol_change dip1 addr=ff0005 0->1
[frame 000281] symbol_change dip1 addr=ff0005 1->2
[frame 000282] exec_enter pc=03a1ae range=frontend_core@000000
[frame 000284] exec_enter pc=03b294 range=title_init_block@000000
[frame 000288] exec_enter pc=03a1ae range=frontend_core@000000
[frame 000289] reset_helper_hit pc=03a1a8 page0=0000 page2=0000 mode4=0000 credits=0000 stage=0000 dipA=ff dipB=ff
[frame 000290] exec_enter pc=03b290 range=title_init_block@000000
[frame 000294] exec_enter pc=03a1aa range=frontend_core@000000
[frame 000295] exec_enter pc=03b294 range=title_init_block@000000
[frame 000299] exec_enter pc=03a1ae range=frontend_core@000000
[frame 000300] pc=03a1aa exec=frontend_core@000000
[frame 000300] window_change wram_ff0000
[frame 000300] window_change vdp_ports
[frame 000300] window_change z80_ctrl
[frame 000301] exec_enter pc=03b290 range=title_init_block@000000
[frame 000305] exec_enter pc=03a1aa range=frontend_core@000000
[frame 000306] exec_enter pc=03b294 range=title_init_block@000000
[frame 000310] exec_enter pc=03a1ae range=frontend_core@000000
[frame 000312] exec_enter pc=03b290 range=title_init_block@000000
[frame 000316] exec_enter pc=03a1ae range=frontend_core@000000
[frame 000317] reset_helper_hit pc=03a1a8 page0=0000 page2=0000 mode4=0000 credits=0000 stage=0000 dipA=ff dipB=ff
[frame 000318] exec_enter pc=03b290 range=title_init_block@000000
[frame 000322] exec_enter pc=03a1aa range=frontend_core@000000
[frame 000323] exec_enter pc=03b294 range=title_init_block@000000
[frame 000327] exec_enter pc=03a1ae range=frontend_core@000000
[frame 000329] exec_enter pc=03b290 range=title_init_block@000000
[frame 000330] pc=03b28a exec=title_init_block@000000
[frame 000330] window_change wram_ff0000
[frame 000330] window_change z80_ctrl
[frame 000333] exec_enter pc=03a1aa range=frontend_core@000000
[frame 000334] exec_enter pc=03b294 range=title_init_block@000000
[frame 000338] exec_enter pc=03a1ae range=frontend_core@000000
[frame 000340] exec_enter pc=03b290 range=title_init_block@000000
[frame 000344] exec_enter pc=03a1ae range=frontend_core@000000
[frame 000345] reset_helper_hit pc=03a1a8 page0=0000 page2=0000 mode4=0000 credits=0000 stage=0000 dipA=ff dipB=ff
[frame 000346] exec_enter pc=03b290 range=title_init_block@000000
[frame 000350] exec_enter pc=03a1aa range=frontend_core@000000
[frame 000351] exec_enter pc=03b294 range=title_init_block@000000
[frame 000355] exec_enter pc=03a1ae range=frontend_core@000000
[frame 000357] exec_enter pc=03b290 range=title_init_block@000000
[frame 000360] pc=03b298 exec=title_init_block@000000
[frame 000360] window_change z80_ctrl
[frame 000361] exec_enter pc=03a1aa range=frontend_core@000000
[frame 000362] exec_enter pc=03b294 range=title_init_block@000000
[frame 000366] exec_enter pc=03a1ae range=frontend_core@000000
[frame 000368] exec_enter pc=03b290 range=title_init_block@000000
[frame 000372] exec_enter pc=03a1ae range=frontend_core@000000
[frame 000373] reset_helper_hit pc=03a1a8 page0=0000 page2=0000 mode4=0000 credits=0000 stage=0000 dipA=ff dipB=ff
[frame 000374] exec_enter pc=03b290 range=title_init_block@000000
[frame 000378] exec_enter pc=03a1aa range=frontend_core@000000
[frame 000379] exec_enter pc=03b294 range=title_init_block@000000
[frame 000383] exec_enter pc=03a1ae range=frontend_core@000000
[frame 000385] exec_enter pc=03b290 range=title_init_block@000000
[frame 000389] exec_enter pc=03a1aa range=frontend_core@000000
[frame 000390] exec_enter pc=03b294 range=title_init_block@000000
[frame 000390] pc=03b294 exec=title_init_block@000000
[frame 000390] window_change wram_ff0000
[frame 000390] window_change z80_ctrl
[frame 000394] exec_enter pc=03a1ae range=frontend_core@000000
[frame 000396] exec_enter pc=03b290 range=title_init_block@000000
[frame 000400] exec_enter pc=03a1ae range=frontend_core@000000
[frame 000401] reset_helper_hit pc=03a1a8 page0=0000 page2=0000 mode4=0000 credits=0000 stage=0000 dipA=ff dipB=ff
[frame 000402] exec_enter pc=03b290 range=title_init_block@000000
[frame 000406] exec_enter pc=03a1aa range=frontend_core@000000
[frame 000407] exec_enter pc=03b294 range=title_init_block@000000
[frame 000411] exec_enter pc=03a1ae range=frontend_core@000000
[frame 000413] exec_enter pc=03b290 range=title_init_block@000000
[frame 000417] exec_enter pc=03a1aa range=frontend_core@000000
[frame 000418] exec_enter pc=03b294 range=title_init_block@000000
[frame 000420] pc=03b286 exec=title_init_block@000000
[frame 000420] window_change wram_ff0000
[frame 000420] window_change z80_ctrl
[frame 000422] exec_enter pc=03a1ae range=frontend_core@000000
[frame 000424] exec_enter pc=03b290 range=title_init_block@000000
[frame 000428] exec_enter pc=03a1ae range=frontend_core@000000
[frame 000429] reset_helper_hit pc=03a1a8 page0=0000 page2=0000 mode4=0000 credits=0000 stage=0000 dipA=ff dipB=ff
[frame 000430] exec_enter pc=03b290 range=title_init_block@000000
[frame 000434] exec_enter pc=03a1aa range=frontend_core@000000
[frame 000435] exec_enter pc=03b294 range=title_init_block@000000
[frame 000439] exec_enter pc=03a1ae range=frontend_core@000000
[frame 000440] exec_enter pc=0709e6 range=other
[frame 000450] pc=0702c2 exec=other
[frame 000450] symbol_change dip1 addr=ff0005 2->0
[frame 000450] window_change wram_ff0000
[frame 000450] window_change vdp_ports
[frame 000450] window_change z80_ctrl
[frame 000451] exec_enter pc=03b290 range=title_init_block@000000
[frame 000454] exec_enter pc=03a1ae range=frontend_core@000000
[frame 000456] exec_enter pc=03b294 range=title_init_block@000000
[frame 000460] exec_enter pc=03a1ae range=frontend_core@000000
[frame 000461] reset_helper_hit pc=03a1a8 page0=0000 page2=0000 mode4=0000 credits=0000 stage=0000 dipA=ff dipB=ff
[frame 000462] exec_enter pc=03b290 range=title_init_block@000000
[frame 000466] exec_enter pc=03a1aa range=frontend_core@000000
[frame 000467] exec_enter pc=03b294 range=title_init_block@000000
[frame 000471] exec_enter pc=03a1ae range=frontend_core@000000
[frame 000473] exec_enter pc=03b290 range=title_init_block@000000
[frame 000477] exec_enter pc=03a1ae range=frontend_core@000000
[frame 000478] reset_helper_hit pc=03a1a8 page0=0000 page2=0000 mode4=0000 credits=0000 stage=0000 dipA=ff dipB=ff
[frame 000479] exec_enter pc=03b290 range=title_init_block@000000
[frame 000480] pc=03b286 exec=title_init_block@000000
[frame 000480] window_change wram_ff0000
[frame 000480] window_change vdp_ports
[frame 000480] window_change z80_ctrl
[frame 000482] exec_enter pc=03a1ae range=frontend_core@000000
[frame 000484] exec_enter pc=03b294 range=title_init_block@000000
[frame 000488] exec_enter pc=03a1ae range=frontend_core@000000
[frame 000489] reset_helper_hit pc=03a1a8 page0=0000 page2=0000 mode4=0000 credits=0000 stage=0000 dipA=ff dipB=ff
[frame 000490] exec_enter pc=03b290 range=title_init_block@000000
[frame 000494] exec_enter pc=03a1aa range=frontend_core@000000
[frame 000495] exec_enter pc=03b294 range=title_init_block@000000
[frame 000499] exec_enter pc=03a1ae range=frontend_core@000000
[frame 000501] exec_enter pc=03b290 range=title_init_block@000000
[frame 000505] exec_enter pc=03a1ae range=frontend_core@000000
[frame 000506] reset_helper_hit pc=03a1a8 page0=0000 page2=0000 mode4=0000 credits=0000 stage=0000 dipA=ff dipB=ff
[frame 000507] exec_enter pc=03b290 range=title_init_block@000000
[frame 000510] exec_enter pc=03a1ae range=frontend_core@000000
[frame 000510] pc=03a1ae exec=frontend_core@000000
[frame 000510] window_change z80_ctrl
[frame 000512] exec_enter pc=03b294 range=title_init_block@000000
[frame 000516] exec_enter pc=03a1ae range=frontend_core@000000
[frame 000517] reset_helper_hit pc=03a1a8 page0=0000 page2=0000 mode4=0000 credits=0000 stage=0000 dipA=ff dipB=ff
[frame 000518] exec_enter pc=03b290 range=title_init_block@000000
[frame 000522] exec_enter pc=03a1aa range=frontend_core@000000
[frame 000523] exec_enter pc=03b294 range=title_init_block@000000
[frame 000527] exec_enter pc=03a1ae range=frontend_core@000000
[frame 000529] exec_enter pc=03b290 range=title_init_block@000000
[frame 000533] exec_enter pc=03a1ae range=frontend_core@000000
[frame 000534] reset_helper_hit pc=03a1a8 page0=0000 page2=0000 mode4=0000 credits=0000 stage=0000 dipA=ff dipB=ff
[frame 000535] exec_enter pc=03b290 range=title_init_block@000000
[frame 000538] exec_enter pc=03a1ae range=frontend_core@000000
[frame 000540] exec_enter pc=03b294 range=title_init_block@000000
[frame 000540] pc=03b294 exec=title_init_block@000000
[frame 000540] window_change z80_ctrl
[frame 000544] exec_enter pc=03a1ae range=frontend_core@000000
[frame 000545] reset_helper_hit pc=03a1a8 page0=0000 page2=0000 mode4=0000 credits=0000 stage=0000 dipA=ff dipB=ff
[frame 000546] exec_enter pc=03b290 range=title_init_block@000000
[frame 000550] exec_enter pc=03a1aa range=frontend_core@000000
[frame 000551] exec_enter pc=03b294 range=title_init_block@000000
[frame 000555] exec_enter pc=03a1ae range=frontend_core@000000
[frame 000557] exec_enter pc=03b290 range=title_init_block@000000
[frame 000561] exec_enter pc=03a1ae range=frontend_core@000000
[frame 000562] reset_helper_hit pc=03a1a8 page0=0000 page2=0000 mode4=0000 credits=0000 stage=0000 dipA=ff dipB=ff
[frame 000563] exec_enter pc=03b290 range=title_init_block@000000
[frame 000566] exec_enter pc=03a1ae range=frontend_core@000000
[frame 000568] exec_enter pc=03b294 range=title_init_block@000000
[frame 000570] pc=03b286 exec=title_init_block@000000
[frame 000570] window_change z80_ctrl
[frame 000572] exec_enter pc=03a1ae range=frontend_core@000000
[frame 000573] reset_helper_hit pc=03a1a8 page0=0000 page2=0000 mode4=0000 credits=0000 stage=0000 dipA=ff dipB=ff
[frame 000574] exec_enter pc=03b290 range=title_init_block@000000
[frame 000578] exec_enter pc=03a1aa range=frontend_core@000000
[frame 000579] exec_enter pc=03b294 range=title_init_block@000000
[frame 000583] exec_enter pc=03a1ae range=frontend_core@000000
[frame 000585] exec_enter pc=03b290 range=title_init_block@000000
[frame 000589] exec_enter pc=03a1ae range=frontend_core@000000
[frame 000590] exec_enter pc=03b294 range=title_init_block@000000
[frame 000594] exec_enter pc=03a1ae range=frontend_core@000000
[frame 000596] exec_enter pc=03b294 range=title_init_block@000000
[frame 000600] exec_enter pc=03a1ae range=frontend_core@000000
[frame 000600] pc=03a1ae exec=frontend_core@000000
[frame 000600] window_change wram_ff0000
[frame 000600] window_change z80_ctrl
[frame 000601] reset_helper_hit pc=03a1a8 page0=0000 page2=0000 mode4=0000 credits=0000 stage=0000 dipA=ff dipB=ff
[frame 000602] exec_enter pc=03b290 range=title_init_block@000000
[frame 000606] exec_enter pc=03a1aa range=frontend_core@000000
[frame 000607] exec_enter pc=03b294 range=title_init_block@000000
[frame 000609] exec_enter pc=03a4d6 range=frontend_core@000000
[frame 000610] exec_enter pc=0709d2 range=other
[frame 000617] symbol_change dip1 addr=ff0005 0->1
[frame 000621] symbol_change dip1 addr=ff0005 1->2
[frame 000623] symbol_change dip1 addr=ff0005 2->0
[frame 000624] symbol_change dip1 addr=ff0005 0->1
[frame 000626] symbol_change dip1 addr=ff0005 1->6
[frame 000630] pc=0709e2 exec=other
[frame 000630] window_change wram_ff0000
[frame 000630] window_change vdp_ports
[frame 000630] window_change z80_ctrl
[frame 000636] exec_enter pc=03b280 range=title_init_block@000000
[frame 000637] exec_enter pc=03a1ae range=frontend_core@000000
[frame 000638] exec_enter pc=03b290 range=title_init_block@000000
[frame 000641] exec_enter pc=03a1ae range=frontend_core@000000
[frame 000642] exec_enter pc=03b294 range=title_init_block@000000
[frame 000645] exec_enter pc=03a1aa range=frontend_core@000000
[frame 000646] exec_enter pc=03b290 range=title_init_block@000000
[frame 000649] exec_enter pc=03a1aa range=frontend_core@000000
[frame 000650] exec_enter pc=03b294 range=title_init_block@000000
[frame 000653] exec_enter pc=03a1ae range=frontend_core@000000
[frame 000654] exec_enter pc=03b294 range=title_init_block@000000
[frame 000657] exec_enter pc=03a1aa range=frontend_core@000000
[frame 000658] exec_enter pc=03b290 range=title_init_block@000000
[frame 000660] pc=03b298 exec=title_init_block@000000
[frame 000660] window_change wram_ff0000
[frame 000660] window_change vdp_ports
[frame 000660] window_change z80_ctrl
[frame 000661] exec_enter pc=03a1aa range=frontend_core@000000
[frame 000662] exec_enter pc=03b290 range=title_init_block@000000
[frame 000665] exec_enter pc=03a1aa range=frontend_core@000000
[frame 000666] exec_enter pc=03b294 range=title_init_block@000000
[frame 000669] exec_enter pc=03a1ae range=frontend_core@000000
[frame 000670] exec_enter pc=03b294 range=title_init_block@000000
[frame 000673] exec_enter pc=03a1aa range=frontend_core@000000
[frame 000674] exec_enter pc=03b290 range=title_init_block@000000
[frame 000677] exec_enter pc=03a1aa range=frontend_core@000000
[frame 000678] exec_enter pc=03b290 range=title_init_block@000000
[frame 000681] exec_enter pc=03a1ae range=frontend_core@000000
[frame 000682] exec_enter pc=03b294 range=title_init_block@000000
[frame 000685] exec_enter pc=03a1aa range=frontend_core@000000
[frame 000686] exec_enter pc=03b290 range=title_init_block@000000
[frame 000689] exec_enter pc=03a1aa range=frontend_core@000000
[frame 000690] exec_enter pc=03b290 range=title_init_block@000000
[frame 000690] pc=03b290 exec=title_init_block@000000
[frame 000690] window_change z80_ctrl
[frame 000693] exec_enter pc=03a1aa range=frontend_core@000000
[frame 000694] exec_enter pc=03b294 range=title_init_block@000000
[frame 000697] exec_enter pc=03a1ae range=frontend_core@000000
[frame 000698] exec_enter pc=03b294 range=title_init_block@000000
[frame 000701] exec_enter pc=03a1aa range=frontend_core@000000
[frame 000702] exec_enter pc=03b290 range=title_init_block@000000
[frame 000705] exec_enter pc=03a1aa range=frontend_core@000000
[frame 000706] exec_enter pc=03b290 range=title_init_block@000000
[frame 000709] exec_enter pc=03a1ae range=frontend_core@000000
[frame 000710] exec_enter pc=03b294 range=title_init_block@000000
[frame 000713] exec_enter pc=03a1aa range=frontend_core@000000
[frame 000714] exec_enter pc=03b294 range=title_init_block@000000
[frame 000717] exec_enter pc=03a1aa range=frontend_core@000000
[frame 000718] exec_enter pc=03b290 range=title_init_block@000000
[frame 000720] pc=03b298 exec=title_init_block@000000
[frame 000720] window_change z80_ctrl
[frame 000721] exec_enter pc=03a1aa range=frontend_core@000000
[frame 000722] exec_enter pc=03b294 range=title_init_block@000000
[frame 000725] exec_enter pc=03a1ae range=frontend_core@000000
[frame 000726] exec_enter pc=03b294 range=title_init_block@000000
[frame 000729] exec_enter pc=03a1aa range=frontend_core@000000
[frame 000730] exec_enter pc=03b290 range=title_init_block@000000
[frame 000733] exec_enter pc=03a1aa range=frontend_core@000000
[frame 000734] exec_enter pc=03b290 range=title_init_block@000000
[frame 000737] exec_enter pc=03a1ae range=frontend_core@000000
[frame 000738] exec_enter pc=03b294 range=title_init_block@000000
[frame 000741] exec_enter pc=03a1ae range=frontend_core@000000
[frame 000742] exec_enter pc=03b294 range=title_init_block@000000
[frame 000745] exec_enter pc=03a1aa range=frontend_core@000000
[frame 000746] exec_enter pc=03b290 range=title_init_block@000000
[frame 000749] exec_enter pc=03a1aa range=frontend_core@000000
[frame 000750] exec_enter pc=03b294 range=title_init_block@000000
[frame 000750] pc=03b294 exec=title_init_block@000000
[frame 000750] window_change z80_ctrl
[frame 000753] exec_enter pc=03a1ae range=frontend_core@000000
[frame 000754] exec_enter pc=03b294 range=title_init_block@000000
[frame 000757] exec_enter pc=03a1aa range=frontend_core@000000
[frame 000758] exec_enter pc=03b290 range=title_init_block@000000
[frame 000761] exec_enter pc=03a1aa range=frontend_core@000000
[frame 000762] exec_enter pc=03b290 range=title_init_block@000000
[frame 000765] exec_enter pc=03a1ae range=frontend_core@000000
[frame 000766] exec_enter pc=03b290 range=title_init_block@000000
[frame 000769] exec_enter pc=03a1ae range=frontend_core@000000
[frame 000770] exec_enter pc=03b294 range=title_init_block@000000
[frame 000773] exec_enter pc=03a1aa range=frontend_core@000000
[frame 000774] exec_enter pc=03b290 range=title_init_block@000000
[frame 000777] exec_enter pc=03a1aa range=frontend_core@000000
[frame 000778] exec_enter pc=03b294 range=title_init_block@000000
[frame 000780] pc=03b280 exec=title_init_block@000000
[frame 000780] window_change z80_ctrl
[frame 000781] exec_enter pc=03a1ae range=frontend_core@000000
[frame 000782] exec_enter pc=03b294 range=title_init_block@000000
[frame 000785] exec_enter pc=03a1aa range=frontend_core@000000
[frame 000786] exec_enter pc=03b290 range=title_init_block@000000
[frame 000789] exec_enter pc=03a1aa range=frontend_core@000000
[frame 000790] exec_enter pc=03b290 range=title_init_block@000000
[frame 000793] exec_enter pc=03a1ae range=frontend_core@000000
[frame 000794] exec_enter pc=03b290 range=title_init_block@000000
[frame 000797] exec_enter pc=03a1ae range=frontend_core@000000
[frame 000798] exec_enter pc=03b294 range=title_init_block@000000
[frame 000801] exec_enter pc=03a1aa range=frontend_core@000000
[frame 000802] exec_enter pc=03b290 range=title_init_block@000000
[frame 000805] exec_enter pc=03a1aa range=frontend_core@000000
[frame 000806] exec_enter pc=03b294 range=title_init_block@000000
[frame 000809] exec_enter pc=03a1ae range=frontend_core@000000
[frame 000810] exec_enter pc=03b294 range=title_init_block@000000
[frame 000810] pc=03b294 exec=title_init_block@000000
[frame 000810] window_change wram_ff0000
[frame 000810] window_change z80_ctrl
[frame 000813] exec_enter pc=03a1aa range=frontend_core@000000
[frame 000814] exec_enter pc=03b290 range=title_init_block@000000
[frame 000817] exec_enter pc=03a1aa range=frontend_core@000000
[frame 000818] exec_enter pc=03b290 range=title_init_block@000000
[frame 000821] exec_enter pc=03a1aa range=frontend_core@000000
[frame 000822] exec_enter pc=03b294 range=title_init_block@000000
[frame 000825] exec_enter pc=03a1ae range=frontend_core@000000
[frame 000826] exec_enter pc=03b294 range=title_init_block@000000
[frame 000829] exec_enter pc=03a1aa range=frontend_core@000000
[frame 000830] exec_enter pc=03b290 range=title_init_block@000000
[frame 000833] exec_enter pc=03a1aa range=frontend_core@000000
[frame 000834] exec_enter pc=03b290 range=title_init_block@000000
[frame 000837] exec_enter pc=03a1ae range=frontend_core@000000
[frame 000838] exec_enter pc=03b294 range=title_init_block@000000
[frame 000840] pc=03b298 exec=title_init_block@000000
[frame 000840] window_change wram_ff0000
[frame 000840] window_change z80_ctrl
[frame 000841] exec_enter pc=03a1aa range=frontend_core@000000
[frame 000842] exec_enter pc=03b290 range=title_init_block@000000
[frame 000845] exec_enter pc=03a1aa range=frontend_core@000000
[frame 000846] exec_enter pc=03b290 range=title_init_block@000000
[frame 000849] exec_enter pc=03a1aa range=frontend_core@000000
[frame 000850] exec_enter pc=03b294 range=title_init_block@000000
[frame 000853] exec_enter pc=03a1ae range=frontend_core@000000
[frame 000854] exec_enter pc=03b294 range=title_init_block@000000
[frame 000857] exec_enter pc=03a1aa range=frontend_core@000000
[frame 000858] exec_enter pc=03b290 range=title_init_block@000000
[frame 000861] exec_enter pc=03a1aa range=frontend_core@000000
[frame 000862] exec_enter pc=03b290 range=title_init_block@000000
[frame 000865] exec_enter pc=03a1ae range=frontend_core@000000
[frame 000866] exec_enter pc=03b294 range=title_init_block@000000
[frame 000869] exec_enter pc=03a1aa range=frontend_core@000000
[frame 000870] exec_enter pc=03b294 range=title_init_block@000000
[frame 000870] pc=03b294 exec=title_init_block@000000
[frame 000870] window_change wram_ff0000
[frame 000870] window_change z80_ctrl
[frame 000873] exec_enter pc=03a1aa range=frontend_core@000000
[frame 000874] exec_enter pc=03b290 range=title_init_block@000000
[frame 000877] exec_enter pc=03a1aa range=frontend_core@000000
[frame 000878] exec_enter pc=03b294 range=title_init_block@000000
[frame 000881] exec_enter pc=03a1ae range=frontend_core@000000
[frame 000882] exec_enter pc=03b294 range=title_init_block@000000
[frame 000885] exec_enter pc=03a1aa range=frontend_core@000000
[frame 000886] exec_enter pc=03b290 range=title_init_block@000000
[frame 000889] exec_enter pc=03a1aa range=frontend_core@000000
[frame 000890] exec_enter pc=03b284 range=title_init_block@000000
[frame 000891] exec_enter pc=03a1ae range=frontend_core@000000
[frame 000892] exec_enter pc=03b298 range=title_init_block@000000
[frame 000900] pc=03b290 exec=title_init_block@000000
[frame 000900] window_change wram_ff0000
[frame 000900] window_change z80_ctrl
[frame 000902] exec_enter pc=03a1ae range=frontend_core@000000
[frame 000903] exec_enter pc=03b294 range=title_init_block@000000
[frame 000904] exec_enter pc=03a1aa range=frontend_core@000000
[frame 000906] exec_enter pc=03b284 range=title_init_block@000000
[frame 000907] exec_enter pc=03a1ae range=frontend_core@000000
[frame 000908] exec_enter pc=03b298 range=title_init_block@000000
[frame 000918] exec_enter pc=03a1ae range=frontend_core@000000
[frame 000919] exec_enter pc=03b294 range=title_init_block@000000
[frame 000920] exec_enter pc=03a1aa range=frontend_core@000000
[frame 000922] exec_enter pc=03b284 range=title_init_block@000000
[frame 000923] exec_enter pc=03a1ae range=frontend_core@000000
[frame 000924] exec_enter pc=03b298 range=title_init_block@000000
[frame 000930] pc=03b294 exec=title_init_block@000000
[frame 000930] window_change z80_ctrl
[frame 000933] reset_helper_hit pc=03a1a8 page0=0000 page2=0000 mode4=0000 credits=0000 stage=0000 dipA=ff dipB=ff
[frame 000933] exec_enter pc=03a1a8 range=frontend_core@000000
[frame 000935] exec_enter pc=03b294 range=title_init_block@000000
[frame 000936] exec_enter pc=03a1aa range=frontend_core@000000
[frame 000938] exec_enter pc=03b284 range=title_init_block@000000
[frame 000939] exec_enter pc=03a1ae range=frontend_core@000000
[frame 000940] exec_enter pc=03b298 range=title_init_block@000000
[frame 000949] reset_helper_hit pc=03a1a8 page0=0000 page2=0000 mode4=0000 credits=0000 stage=0000 dipA=ff dipB=ff
[frame 000949] exec_enter pc=03a1a8 range=frontend_core@000000
[frame 000951] exec_enter pc=03b294 range=title_init_block@000000
[frame 000952] exec_enter pc=03a1aa range=frontend_core@000000
[frame 000953] exec_enter pc=03b298 range=title_init_block@000000
[frame 000955] exec_enter pc=03a1ae range=frontend_core@000000
[frame 000956] exec_enter pc=03b298 range=title_init_block@000000
[frame 000960] pc=03b286 exec=title_init_block@000000
[frame 000960] window_change wram_ff0000
[frame 000960] window_change z80_ctrl
[frame 000965] reset_helper_hit pc=03a1a8 page0=0000 page2=0000 mode4=0000 credits=0000 stage=0000 dipA=ff dipB=ff
[frame 000965] exec_enter pc=03a1a8 range=frontend_core@000000
[frame 000967] exec_enter pc=03b294 range=title_init_block@000000
[frame 000968] exec_enter pc=03a1aa range=frontend_core@000000
[frame 000969] exec_enter pc=03b298 range=title_init_block@000000
[frame 000971] exec_enter pc=03a1ae range=frontend_core@000000
[frame 000972] exec_enter pc=03b298 range=title_init_block@000000
[frame 000982] exec_enter pc=03a1aa range=frontend_core@000000
[frame 000983] exec_enter pc=03b290 range=title_init_block@000000
[frame 000985] exec_enter pc=03a1aa range=frontend_core@000000
[frame 000987] exec_enter pc=03b294 range=title_init_block@000000
[frame 000988] exec_enter pc=03a1ae range=frontend_core@000000
[frame 000989] exec_enter pc=03b280 range=title_init_block@000000
[frame 000990] pc=03b286 exec=title_init_block@000000
[frame 000990] window_change wram_ff0000
[frame 000990] window_change z80_ctrl
[frame 000991] exec_enter pc=03a1ae range=frontend_core@000000
[frame 000992] exec_enter pc=03b280 range=title_init_block@000000
[frame 001002] exec_enter pc=03a1ae range=frontend_core@000000
[frame 001003] exec_enter pc=03b294 range=title_init_block@000000
[frame 001004] exec_enter pc=03a1aa range=frontend_core@000000
[frame 001006] exec_enter pc=03b284 range=title_init_block@000000
[frame 001007] exec_enter pc=03a1ae range=frontend_core@000000
[frame 001008] exec_enter pc=03b298 range=title_init_block@000000
[frame 001018] exec_enter pc=03a1ae range=frontend_core@000000
[frame 001019] exec_enter pc=03b294 range=title_init_block@000000
[frame 001020] exec_enter pc=03a1aa range=frontend_core@000000
[frame 001020] pc=03a1aa exec=frontend_core@000000
[frame 001020] window_change z80_ctrl
[frame 001022] exec_enter pc=03b284 range=title_init_block@000000
[frame 001023] exec_enter pc=03a1ae range=frontend_core@000000
[frame 001024] exec_enter pc=03b298 range=title_init_block@000000
[frame 001033] reset_helper_hit pc=03a1a8 page0=0000 page2=0000 mode4=0000 credits=0000 stage=0000 dipA=ff dipB=ff
[frame 001033] exec_enter pc=03a1a8 range=frontend_core@000000
[frame 001035] exec_enter pc=03b294 range=title_init_block@000000
[frame 001036] exec_enter pc=03a1aa range=frontend_core@000000
[frame 001038] exec_enter pc=03b284 range=title_init_block@000000
[frame 001039] exec_enter pc=03a1ae range=frontend_core@000000
[frame 001040] exec_enter pc=03b298 range=title_init_block@000000
[frame 001049] reset_helper_hit pc=03a1a8 page0=0000 page2=0000 mode4=0000 credits=0000 stage=0000 dipA=ff dipB=ff
[frame 001049] exec_enter pc=03a1a8 range=frontend_core@000000
[frame 001050] pc=03a1ae exec=frontend_core@000000
[frame 001050] window_change z80_ctrl
[frame 001051] exec_enter pc=03b294 range=title_init_block@000000
[frame 001052] exec_enter pc=03a1aa range=frontend_core@000000
[frame 001053] exec_enter pc=03b298 range=title_init_block@000000
[frame 001055] exec_enter pc=03a1ae range=frontend_core@000000
[frame 001056] exec_enter pc=03b298 range=title_init_block@000000
[frame 001065] reset_helper_hit pc=03a1a8 page0=0000 page2=0000 mode4=0000 credits=0000 stage=0000 dipA=ff dipB=ff
[frame 001065] exec_enter pc=03a1a8 range=frontend_core@000000
[frame 001067] exec_enter pc=03b294 range=title_init_block@000000
[frame 001068] exec_enter pc=03a1aa range=frontend_core@000000
[frame 001069] exec_enter pc=03b298 range=title_init_block@000000
[frame 001071] exec_enter pc=03a1ae range=frontend_core@000000
[frame 001072] exec_enter pc=03b298 range=title_init_block@000000
[frame 001080] pc=03b28e exec=title_init_block@000000
[frame 001080] window_change z80_ctrl
[frame 001082] exec_enter pc=03a1aa range=frontend_core@000000
[frame 001083] exec_enter pc=03b290 range=title_init_block@000000
[frame 001085] exec_enter pc=03a1aa range=frontend_core@000000
[frame 001087] exec_enter pc=03b294 range=title_init_block@000000
[frame 001088] exec_enter pc=03a1ae range=frontend_core@000000
[frame 001089] exec_enter pc=03b280 range=title_init_block@000000
[frame 001098] exec_enter pc=03a1aa range=frontend_core@000000
[frame 001099] exec_enter pc=03b290 range=title_init_block@000000
[frame 001101] exec_enter pc=03a1aa range=frontend_core@000000
[frame 001102] exec_enter pc=03b298 range=title_init_block@000000
[frame 001104] exec_enter pc=03a1ae range=frontend_core@000000
[frame 001105] exec_enter pc=03b280 range=title_init_block@000000
[frame 001110] pc=03b294 exec=title_init_block@000000
[frame 001110] window_change z80_ctrl
[frame 001114] exec_enter pc=03a1aa range=frontend_core@000000
[frame 001115] exec_enter pc=03b290 range=title_init_block@000000
[frame 001117] exec_enter pc=03a1aa range=frontend_core@000000
[frame 001118] exec_enter pc=03b298 range=title_init_block@000000
[frame 001120] exec_enter pc=03a1ae range=frontend_core@000000
[frame 001121] exec_enter pc=03b280 range=title_init_block@000000
[frame 001130] exec_enter pc=03a1ae range=frontend_core@000000
[frame 001131] exec_enter pc=03b294 range=title_init_block@000000
[frame 001132] exec_enter pc=03a1aa range=frontend_core@000000
[frame 001134] exec_enter pc=03b284 range=title_init_block@000000
[frame 001135] exec_enter pc=03a1ae range=frontend_core@000000
[frame 001136] exec_enter pc=03b298 range=title_init_block@000000
[frame 001140] pc=03b284 exec=title_init_block@000000
[frame 001140] window_change wram_ff0000
[frame 001140] window_change z80_ctrl
[frame 001146] exec_enter pc=03a1ae range=frontend_core@000000
[frame 001147] exec_enter pc=03b294 range=title_init_block@000000
[frame 001148] exec_enter pc=03a1aa range=frontend_core@000000
[frame 001150] exec_enter pc=03b284 range=title_init_block@000000
[frame 001151] exec_enter pc=03a1ae range=frontend_core@000000
[frame 001152] exec_enter pc=03b298 range=title_init_block@000000
[frame 001161] reset_helper_hit pc=03a1a8 page0=0000 page2=0000 mode4=0000 credits=0000 stage=0000 dipA=ff dipB=ff
[frame 001161] exec_enter pc=03a1a8 range=frontend_core@000000
[frame 001163] exec_enter pc=03b294 range=title_init_block@000000
[frame 001164] exec_enter pc=03a1aa range=frontend_core@000000
[frame 001165] exec_enter pc=03b298 range=title_init_block@000000
[frame 001167] exec_enter pc=03a1ae range=frontend_core@000000
[frame 001168] exec_enter pc=03b298 range=title_init_block@000000
[frame 001170] pc=03b28a exec=title_init_block@000000
[frame 001170] window_change wram_ff0000
[frame 001170] window_change z80_ctrl
[frame 001177] reset_helper_hit pc=03a1a8 page0=0000 page2=0000 mode4=0000 credits=0000 stage=0000 dipA=ff dipB=ff
[frame 001177] exec_enter pc=03a1a8 range=frontend_core@000000
[frame 001179] exec_enter pc=03b294 range=title_init_block@000000
[frame 001180] exec_enter pc=03a1aa range=frontend_core@000000
[frame 001181] exec_enter pc=03b298 range=title_init_block@000000
[frame 001183] exec_enter pc=03a1ae range=frontend_core@000000
[frame 001184] exec_enter pc=03b298 range=title_init_block@000000
[frame 001193] reset_helper_hit pc=03a1a8 page0=0000 page2=0000 mode4=0000 credits=0000 stage=0000 dipA=ff dipB=ff
[frame 001193] exec_enter pc=03a1a8 range=frontend_core@000000
[frame 001195] exec_enter pc=03b294 range=title_init_block@000000
[frame 001196] exec_enter pc=03a1aa range=frontend_core@000000
[frame 001197] exec_enter pc=03b298 range=title_init_block@000000
[frame 001199] exec_enter pc=03a1ae range=frontend_core@000000
[frame 001200] exec_enter pc=03b298 range=title_init_block@000000
[frame 001200] pc=03b298 exec=title_init_block@000000
[frame 001200] window_change wram_ff0000
[frame 001200] window_change z80_ctrl
[frame 001210] exec_enter pc=03a1aa range=frontend_core@000000
[frame 001211] exec_enter pc=03b290 range=title_init_block@000000
[frame 001213] exec_enter pc=03a1aa range=frontend_core@000000
[frame 001215] exec_enter pc=03b294 range=title_init_block@000000
[frame 001216] exec_enter pc=03a1ae range=frontend_core@000000
[frame 001217] exec_enter pc=03b280 range=title_init_block@000000
[frame 001226] exec_enter pc=03a1aa range=frontend_core@000000
[frame 001227] exec_enter pc=03b290 range=title_init_block@000000
[frame 001229] exec_enter pc=03a1aa range=frontend_core@000000
[frame 001230] exec_enter pc=03b298 range=title_init_block@000000
[frame 001230] pc=03b298 exec=title_init_block@000000
[frame 001230] window_change wram_ff0000
[frame 001230] window_change z80_ctrl
[frame 001232] exec_enter pc=03a1ae range=frontend_core@000000
[frame 001233] exec_enter pc=03b280 range=title_init_block@000000
[frame 001242] exec_enter pc=03a1aa range=frontend_core@000000
[frame 001243] exec_enter pc=03b290 range=title_init_block@000000
[frame 001245] exec_enter pc=03a1aa range=frontend_core@000000
[frame 001246] exec_enter pc=03b298 range=title_init_block@000000
[frame 001248] exec_enter pc=03a1ae range=frontend_core@000000
[frame 001249] exec_enter pc=03b280 range=title_init_block@000000
[frame 001258] exec_enter pc=03a1ae range=frontend_core@000000
[frame 001259] exec_enter pc=03b294 range=title_init_block@000000
[frame 001260] exec_enter pc=03a1aa range=frontend_core@000000
[frame 001260] pc=03a1aa exec=frontend_core@000000
[frame 001260] window_change z80_ctrl
[frame 001262] exec_enter pc=03b284 range=title_init_block@000000
[frame 001263] exec_enter pc=03a1ae range=frontend_core@000000
[frame 001264] exec_enter pc=03b298 range=title_init_block@000000
[frame 001273] reset_helper_hit pc=03a1a8 page0=0000 page2=0000 mode4=0000 credits=0000 stage=0000 dipA=ff dipB=ff
[frame 001273] exec_enter pc=03a1a8 range=frontend_core@000000
[frame 001275] exec_enter pc=03b294 range=title_init_block@000000
[frame 001276] exec_enter pc=03a1aa range=frontend_core@000000
[frame 001278] exec_enter pc=03b284 range=title_init_block@000000
[frame 001279] exec_enter pc=03a1ae range=frontend_core@000000
[frame 001280] exec_enter pc=03b298 range=title_init_block@000000
[frame 001289] reset_helper_hit pc=03a1a8 page0=0000 page2=0000 mode4=0000 credits=0000 stage=0000 dipA=ff dipB=ff
[frame 001289] exec_enter pc=03a1a8 range=frontend_core@000000
[frame 001290] pc=03a1ae exec=frontend_core@000000
[frame 001290] window_change z80_ctrl
[frame 001291] exec_enter pc=03b294 range=title_init_block@000000
[frame 001292] exec_enter pc=03a1aa range=frontend_core@000000
[frame 001293] exec_enter pc=03b298 range=title_init_block@000000
[frame 001295] exec_enter pc=03a1ae range=frontend_core@000000
[frame 001296] exec_enter pc=03b298 range=title_init_block@000000
[frame 001305] reset_helper_hit pc=03a1a8 page0=0000 page2=0000 mode4=0000 credits=0000 stage=0000 dipA=ff dipB=ff
[frame 001305] exec_enter pc=03a1a8 range=frontend_core@000000
[frame 001307] exec_enter pc=03b294 range=title_init_block@000000
[frame 001308] exec_enter pc=03a1aa range=frontend_core@000000
[frame 001309] exec_enter pc=03b298 range=title_init_block@000000
[frame 001311] exec_enter pc=03a1ae range=frontend_core@000000
[frame 001312] exec_enter pc=03b298 range=title_init_block@000000
[frame 001320] pc=03b290 exec=title_init_block@000000
[frame 001320] window_change z80_ctrl
[frame 001321] reset_helper_hit pc=03a1a8 page0=0000 page2=0000 mode4=0000 credits=0000 stage=0000 dipA=ff dipB=ff
[frame 001321] exec_enter pc=03a1a8 range=frontend_core@000000
[frame 001323] exec_enter pc=03b294 range=title_init_block@000000
[frame 001324] exec_enter pc=03a1aa range=frontend_core@000000
[frame 001325] exec_enter pc=03b298 range=title_init_block@000000
[frame 001327] exec_enter pc=03a1ae range=frontend_core@000000
[frame 001328] exec_enter pc=03b298 range=title_init_block@000000
[frame 001338] exec_enter pc=03a1aa range=frontend_core@000000
[frame 001339] exec_enter pc=03b290 range=title_init_block@000000
[frame 001341] exec_enter pc=03a1aa range=frontend_core@000000
[frame 001343] exec_enter pc=03b294 range=title_init_block@000000
[frame 001344] exec_enter pc=03a1ae range=frontend_core@000000
[frame 001345] exec_enter pc=03b280 range=title_init_block@000000
[frame 001350] pc=03b294 exec=title_init_block@000000
[frame 001350] window_change z80_ctrl
[frame 001354] exec_enter pc=03a1aa range=frontend_core@000000
[frame 001355] exec_enter pc=03b290 range=title_init_block@000000
[frame 001357] exec_enter pc=03a1aa range=frontend_core@000000
[frame 001358] exec_enter pc=03b298 range=title_init_block@000000
[frame 001360] exec_enter pc=03a1ae range=frontend_core@000000
[frame 001361] exec_enter pc=03b280 range=title_init_block@000000
[frame 001370] exec_enter pc=03a1ae range=frontend_core@000000
[frame 001371] exec_enter pc=03b294 range=title_init_block@000000
[frame 001372] exec_enter pc=03a1aa range=frontend_core@000000
[frame 001374] exec_enter pc=03b284 range=title_init_block@000000
[frame 001375] exec_enter pc=03a1ae range=frontend_core@000000
[frame 001376] exec_enter pc=03b298 range=title_init_block@000000
[frame 001380] pc=03b284 exec=title_init_block@000000
[frame 001380] window_change wram_ff0000
[frame 001380] window_change z80_ctrl
[frame 001386] exec_enter pc=03a1ae range=frontend_core@000000
[frame 001387] exec_enter pc=03b294 range=title_init_block@000000
[frame 001388] exec_enter pc=03a1aa range=frontend_core@000000
[frame 001390] exec_enter pc=03b284 range=title_init_block@000000
[frame 001391] exec_enter pc=03a1ae range=frontend_core@000000
[frame 001392] exec_enter pc=03b298 range=title_init_block@000000
[frame 001401] reset_helper_hit pc=03a1a8 page0=0000 page2=0000 mode4=0000 credits=0000 stage=0000 dipA=ff dipB=ff
[frame 001401] exec_enter pc=03a1a8 range=frontend_core@000000
[frame 001403] exec_enter pc=03b294 range=title_init_block@000000
[frame 001404] exec_enter pc=03a1aa range=frontend_core@000000
[frame 001406] exec_enter pc=03b284 range=title_init_block@000000
[frame 001407] exec_enter pc=03a1ae range=frontend_core@000000
[frame 001408] exec_enter pc=03b298 range=title_init_block@000000
[frame 001410] pc=03b28a exec=title_init_block@000000
[frame 001410] window_change wram_ff0000
[frame 001410] window_change z80_ctrl
[frame 001417] reset_helper_hit pc=03a1a8 page0=0000 page2=0000 mode4=0000 credits=0000 stage=0000 dipA=ff dipB=ff
[frame 001417] exec_enter pc=03a1a8 range=frontend_core@000000
[frame 001419] exec_enter pc=03b294 range=title_init_block@000000
[frame 001420] exec_enter pc=03a1aa range=frontend_core@000000
[frame 001421] exec_enter pc=03b298 range=title_init_block@000000
[frame 001423] exec_enter pc=03a1ae range=frontend_core@000000
[frame 001424] exec_enter pc=03b298 range=title_init_block@000000
[frame 001433] reset_helper_hit pc=03a1a8 page0=0000 page2=0000 mode4=0000 credits=0000 stage=0000 dipA=ff dipB=ff
[frame 001433] exec_enter pc=03a1a8 range=frontend_core@000000
[frame 001435] exec_enter pc=03b294 range=title_init_block@000000
[frame 001436] exec_enter pc=03a1aa range=frontend_core@000000
[frame 001437] exec_enter pc=03b298 range=title_init_block@000000
[frame 001439] exec_enter pc=03a1ae range=frontend_core@000000
[frame 001440] exec_enter pc=03b298 range=title_init_block@000000
[frame 001440] pc=03b298 exec=title_init_block@000000
[frame 001440] window_change wram_ff0000
[frame 001440] window_change z80_ctrl
[frame 001449] exec_enter pc=03a1aa range=frontend_core@000000
[frame 001451] exec_enter pc=03b294 range=title_init_block@000000
[frame 001452] exec_enter pc=03a1aa range=frontend_core@000000
[frame 001453] exec_enter pc=03b298 range=title_init_block@000000
[frame 001455] exec_enter pc=03a1ae range=frontend_core@000000
[frame 001456] exec_enter pc=03b298 range=title_init_block@000000
[frame 001466] exec_enter pc=03a1aa range=frontend_core@000000
[frame 001467] exec_enter pc=03b290 range=title_init_block@000000
[frame 001469] exec_enter pc=03a1aa range=frontend_core@000000
[frame 001470] pc=03a1ae exec=frontend_core@000000
[frame 001470] window_change wram_ff0000
[frame 001470] window_change z80_ctrl
[frame 001471] exec_enter pc=03b294 range=title_init_block@000000
[frame 001472] exec_enter pc=03a1ae range=frontend_core@000000
[frame 001473] exec_enter pc=03b280 range=title_init_block@000000
[frame 001482] exec_enter pc=03a1aa range=frontend_core@000000
[frame 001483] exec_enter pc=03b290 range=title_init_block@000000
[frame 001485] exec_enter pc=03a1aa range=frontend_core@000000
[frame 001486] exec_enter pc=03b298 range=title_init_block@000000
[frame 001488] exec_enter pc=03a1ae range=frontend_core@000000
[frame 001489] exec_enter pc=03b280 range=title_init_block@000000
[frame 001498] exec_enter pc=03a1ae range=frontend_core@000000
[frame 001499] exec_enter pc=03b294 range=title_init_block@000000
[frame 001500] exec_enter pc=03a1aa range=frontend_core@000000
[frame 001500] pc=03a1aa exec=frontend_core@000000
[frame 001500] window_change z80_ctrl
[frame 001502] exec_enter pc=03b284 range=title_init_block@000000
[frame 001503] exec_enter pc=03a1ae range=frontend_core@000000
[frame 001504] exec_enter pc=03b298 range=title_init_block@000000
[frame 001514] exec_enter pc=03a1ae range=frontend_core@000000
[frame 001515] exec_enter pc=03b294 range=title_init_block@000000
[frame 001516] exec_enter pc=03a1aa range=frontend_core@000000
[frame 001518] exec_enter pc=03b284 range=title_init_block@000000
[frame 001519] exec_enter pc=03a1ae range=frontend_core@000000
[frame 001520] exec_enter pc=03b298 range=title_init_block@000000
[frame 001529] reset_helper_hit pc=03a1a8 page0=0000 page2=0000 mode4=0000 credits=0000 stage=0000 dipA=ff dipB=ff
[frame 001529] exec_enter pc=03a1a8 range=frontend_core@000000
[frame 001530] pc=03a1ae exec=frontend_core@000000
[frame 001530] window_change z80_ctrl
[frame 001531] exec_enter pc=03b294 range=title_init_block@000000
[frame 001532] exec_enter pc=03a1aa range=frontend_core@000000
[frame 001534] exec_enter pc=03b284 range=title_init_block@000000
[frame 001535] exec_enter pc=03a1ae range=frontend_core@000000
[frame 001536] exec_enter pc=03b298 range=title_init_block@000000
[frame 001545] reset_helper_hit pc=03a1a8 page0=0000 page2=0000 mode4=0000 credits=0000 stage=0000 dipA=ff dipB=ff
[frame 001545] exec_enter pc=03a1a8 range=frontend_core@000000
[frame 001547] exec_enter pc=03b294 range=title_init_block@000000
[frame 001548] exec_enter pc=03a1aa range=frontend_core@000000
[frame 001549] exec_enter pc=03b298 range=title_init_block@000000
[frame 001551] exec_enter pc=03a1ae range=frontend_core@000000
[frame 001552] exec_enter pc=03b298 range=title_init_block@000000
[frame 001560] pc=03b290 exec=title_init_block@000000
[frame 001560] window_change z80_ctrl
[frame 001561] reset_helper_hit pc=03a1a8 page0=0000 page2=0000 mode4=0000 credits=0000 stage=0000 dipA=ff dipB=ff
[frame 001561] exec_enter pc=03a1a8 range=frontend_core@000000
[frame 001563] exec_enter pc=03b294 range=title_init_block@000000
[frame 001564] exec_enter pc=03a1aa range=frontend_core@000000
[frame 001565] exec_enter pc=03b298 range=title_init_block@000000
[frame 001567] exec_enter pc=03a1ae range=frontend_core@000000
[frame 001568] exec_enter pc=03b298 range=title_init_block@000000
[frame 001578] exec_enter pc=03a1aa range=frontend_core@000000
[frame 001579] exec_enter pc=03b290 range=title_init_block@000000
[frame 001581] exec_enter pc=03a1aa range=frontend_core@000000
[frame 001583] exec_enter pc=03b294 range=title_init_block@000000
[frame 001584] exec_enter pc=03a1ae range=frontend_core@000000
[frame 001585] exec_enter pc=03b280 range=title_init_block@000000
[frame 001587] exec_enter pc=03a1ae range=frontend_core@000000
[frame 001588] exec_enter pc=03b280 range=title_init_block@000000
[frame 001590] pc=03b28e exec=title_init_block@000000
[frame 001590] window_change z80_ctrl
[frame 001598] exec_enter pc=03a1ae range=frontend_core@000000
[frame 001599] exec_enter pc=03b294 range=title_init_block@000000
[frame 001600] exec_enter pc=03a1aa range=frontend_core@000000
[frame 001602] exec_enter pc=03b284 range=title_init_block@000000
[frame 001603] exec_enter pc=03a1ae range=frontend_core@000000
[frame 001604] exec_enter pc=03b298 range=title_init_block@000000
[frame 001614] exec_enter pc=03a1ae range=frontend_core@000000
[frame 001615] exec_enter pc=03b294 range=title_init_block@000000
[frame 001616] exec_enter pc=03a1aa range=frontend_core@000000
[frame 001618] exec_enter pc=03b284 range=title_init_block@000000
[frame 001619] exec_enter pc=03a1ae range=frontend_core@000000
[frame 001620] exec_enter pc=03b298 range=title_init_block@000000
[frame 001620] pc=03b298 exec=title_init_block@000000
[frame 001620] window_change wram_ff0000
[frame 001620] window_change z80_ctrl
[frame 001629] reset_helper_hit pc=03a1a8 page0=0000 page2=0000 mode4=0000 credits=0000 stage=0000 dipA=ff dipB=ff
[frame 001629] exec_enter pc=03a1a8 range=frontend_core@000000
[frame 001631] exec_enter pc=03b294 range=title_init_block@000000
[frame 001632] exec_enter pc=03a1aa range=frontend_core@000000
[frame 001634] exec_enter pc=03b284 range=title_init_block@000000
[frame 001635] exec_enter pc=03a1ae range=frontend_core@000000
[frame 001636] exec_enter pc=03b298 range=title_init_block@000000
[frame 001645] reset_helper_hit pc=03a1a8 page0=0000 page2=0000 mode4=0000 credits=0000 stage=0000 dipA=ff dipB=ff
[frame 001645] exec_enter pc=03a1a8 range=frontend_core@000000
[frame 001647] exec_enter pc=03b294 range=title_init_block@000000
[frame 001648] exec_enter pc=03a1aa range=frontend_core@000000
[frame 001649] exec_enter pc=03b298 range=title_init_block@000000
[frame 001650] pc=03b284 exec=title_init_block@000000
[frame 001650] window_change z80_ctrl
[frame 001651] exec_enter pc=03a1ae range=frontend_core@000000
[frame 001652] exec_enter pc=03b298 range=title_init_block@000000
[frame 001661] reset_helper_hit pc=03a1a8 page0=0000 page2=0000 mode4=0000 credits=0000 stage=0000 dipA=ff dipB=ff
[frame 001661] exec_enter pc=03a1a8 range=frontend_core@000000
[frame 001663] exec_enter pc=03b294 range=title_init_block@000000
[frame 001664] exec_enter pc=03a1aa range=frontend_core@000000
[frame 001665] exec_enter pc=03b298 range=title_init_block@000000
[frame 001667] exec_enter pc=03a1ae range=frontend_core@000000
[frame 001668] exec_enter pc=03b298 range=title_init_block@000000
[frame 001678] exec_enter pc=03a1aa range=frontend_core@000000
[frame 001679] exec_enter pc=03b290 range=title_init_block@000000
[frame 001680] pc=03b294 exec=title_init_block@000000
[frame 001680] window_change wram_ff0000
[frame 001680] window_change z80_ctrl
[frame 001681] exec_enter pc=03a1aa range=frontend_core@000000
[frame 001683] exec_enter pc=03b294 range=title_init_block@000000
[frame 001684] exec_enter pc=03a1ae range=frontend_core@000000
[frame 001685] exec_enter pc=03b280 range=title_init_block@000000
[frame 001694] exec_enter pc=03a1aa range=frontend_core@000000
[frame 001695] exec_enter pc=03b290 range=title_init_block@000000
[frame 001697] exec_enter pc=03a1aa range=frontend_core@000000
[frame 001698] exec_enter pc=03b298 range=title_init_block@000000
[frame 001700] exec_enter pc=03a1ae range=frontend_core@000000
[frame 001701] exec_enter pc=03b280 range=title_init_block@000000
[frame 001710] exec_enter pc=03a1aa range=frontend_core@000000
[frame 001710] pc=03a1aa exec=frontend_core@000000
[frame 001710] window_change z80_ctrl
[frame 001711] exec_enter pc=03b290 range=title_init_block@000000
[frame 001713] exec_enter pc=03a1aa range=frontend_core@000000
[frame 001714] exec_enter pc=03b298 range=title_init_block@000000
[frame 001716] exec_enter pc=03a1ae range=frontend_core@000000
[frame 001717] exec_enter pc=03b280 range=title_init_block@000000
[frame 001726] exec_enter pc=03a1ae range=frontend_core@000000
[frame 001727] exec_enter pc=03b294 range=title_init_block@000000
[frame 001728] exec_enter pc=03a1aa range=frontend_core@000000
[frame 001730] exec_enter pc=03b284 range=title_init_block@000000
[frame 001731] exec_enter pc=03a1ae range=frontend_core@000000
[frame 001732] exec_enter pc=03b298 range=title_init_block@000000
[frame 001740] pc=03b290 exec=title_init_block@000000
[frame 001740] window_change z80_ctrl
[frame 001742] exec_enter pc=03a1ae range=frontend_core@000000
[frame 001743] exec_enter pc=03b294 range=title_init_block@000000
[frame 001744] exec_enter pc=03a1aa range=frontend_core@000000
[frame 001746] exec_enter pc=03b284 range=title_init_block@000000
[frame 001747] exec_enter pc=03a1ae range=frontend_core@000000
[frame 001748] exec_enter pc=03b298 range=title_init_block@000000
[frame 001757] reset_helper_hit pc=03a1a8 page0=0000 page2=0000 mode4=0000 credits=0000 stage=0000 dipA=ff dipB=ff
[frame 001757] exec_enter pc=03a1a8 range=frontend_core@000000
[frame 001759] exec_enter pc=03b294 range=title_init_block@000000
[frame 001760] exec_enter pc=03a1aa range=frontend_core@000000
[frame 001761] exec_enter pc=03b298 range=title_init_block@000000
[frame 001763] exec_enter pc=03a1ae range=frontend_core@000000
[frame 001764] exec_enter pc=03b298 range=title_init_block@000000
[frame 001770] pc=03b294 exec=title_init_block@000000
[frame 001770] window_change z80_ctrl
[frame 001773] reset_helper_hit pc=03a1a8 page0=0000 page2=0000 mode4=0000 credits=0000 stage=0000 dipA=ff dipB=ff
[frame 001773] exec_enter pc=03a1a8 range=frontend_core@000000
[frame 001775] exec_enter pc=03b294 range=title_init_block@000000
[frame 001776] exec_enter pc=03a1aa range=frontend_core@000000
[frame 001777] exec_enter pc=03b298 range=title_init_block@000000
[frame 001779] exec_enter pc=03a1ae range=frontend_core@000000
[frame 001780] exec_enter pc=03b298 range=title_init_block@000000
[frame 001789] reset_helper_hit pc=03a1a8 page0=0000 page2=0000 mode4=0000 credits=0000 stage=0000 dipA=ff dipB=ff
[frame 001789] exec_enter pc=03a1a8 range=frontend_core@000000
[frame 001791] exec_enter pc=03b294 range=title_init_block@000000
[frame 001792] exec_enter pc=03a1aa range=frontend_core@000000
[frame 001793] exec_enter pc=03b298 range=title_init_block@000000
[frame 001795] exec_enter pc=03a1ae range=frontend_core@000000
[frame 001796] exec_enter pc=03b298 range=title_init_block@000000
==== genesistrace stop ====
