[:megadriv] :megadriv: Deprecated legacy Old Style screen configured (set_vblank_time), please use set_raw instead.
[:mdslot] No SRAM detected from header, using fallback SRAM in case this is a broken header
[:mdslot] FILE DETAILS
[:mdslot] ============
[:mdslot] Name: rastan_direct_video_test_build_0367.bin
[:mdslot] File Size: 0x001a3eb8
[:mdslot] Detected type: rom_sramsafe
[:mdslot] ROM (Allocated) Size: 0x200000
[:mdslot] NVRAM: Yes
[:mdslot] NVRAM (Allocated) Size: 0x10000
[:mdslot] 
[:mdslot] INTERNAL HEADER
[:mdslot] ===============
[:mdslot] Console: SEGA MEGA DRIVE 
[:mdslot] Copyright String: (C)CDX 2026.APRR
[:mdslot]  - Manufacturer: CDX 
[:mdslot]  - Date: 026.APRR
[:mdslot] Name (domestic): ASTAN DIRECT VIDEO TEST                      RAS
[:mdslot] Name (overseas): TAN DIRECT VIDEO TEST                      RDVD0
[:mdslot] Serial String: 0000000  
[:mdslot]  - Type: 00 (Unknown)
[:mdslot]  - Serial Code: 0000  
[:mdslot]  - Revision:   
[:mdslot] Checksum: C0E6
[:mdslot]  - Calculated Checksum: 5094
[:mdslot] Supported I/O Devices:            
[:mdslot] Modem:             
[:mdslot] Memo:                        JUE             
[:mdslot] Country: 
[:mdslot] ROM Start:  0x3FFFF00
[:mdslot] ROM End:    0xFF000000
[:mdslot] RAM Start:  0xFFFFFF20
[:mdslot] RAM End:    0x20202020
[:mdslot] SRAM detected from header: No
Soft reset
[:maincpu] ':maincpu' (000222): unmapped program memory write to A14000 = 5345 & FFFF
[:maincpu] ':maincpu' (000222): unmapped program memory write to A14002 = 4741 & FFFF
